// Jest Snapshot v1, https://goo.gl/fbAQLP

exports[`PhotoPage renders should not have any regressions 1`] = `ShallowWrapper {}`;
