// Jest Snapshot v1, https://goo.gl/fbAQLP

exports[`AlbumPage renders should not have any regressions 1`] = `ShallowWrapper {}`;
